`
Query:

SELECT *
FROM (
    SELECT
        length(f.title) AS title_length,
        count(*)
    FROM film f
    GROUP BY title_length
) AS s
WHERE
    title_length > 5 AND
    s.count > 3
ORDER BY
    s.count DESC,
    title_length;

Plan:

                                                                                            query plan
--------------------------------------------------------------------------------------------------------------------------------------------------------------------------------------------------
 project {title_length, count}
    order by s.count desc, s.title_length
        filter by s.title_length > 5 and s.count > 3
            project {title_length, count} into s.*
                group by length(f.title), project {length(f.title) as title_length, count(1) as count}
                    project {film_id, title, description, release_year, language_id, original_language_id, rental_duration, rental_rate, length, replacement_cost, rating, last_update} into f.*
                        table scan of film
                            filter: length(film.title) > 5
(1 rows)

Results:

 title_length | count
--------------+-------
           13 |   129
           14 |   122
           15 |   122
           12 |   116
           16 |   104
           11 |    89
           17 |    70
           10 |    66
           18 |    47
           19 |    44
            9 |    32
           20 |    23
           21 |    15
           22 |     9
            8 |     6
           23 |     4
(16 rows)
`
