`
Query:

SELECT count(*) AS total_films
FROM film;

Plan:

                    query plan
---------------------------------------------------
 group by <nil>, project {count(1) as total_films}
    table scan of film
(1 rows)

Results:

 total_films
-------------
        1000
(1 rows)
`
