`
Query:

SELECT *
FROM locations l
JOIN regions r ON r.region_id = l.region_id
ORDER BY region_name, location_name DESC

Plan:

select (location_id, location_name, region_id, region_id, region_name)
    order by region_name, location_name desc
        join using nested loop
            alias as l
                table scan of locations
        with
            alias as r
                table scan of regions
                    filter: regions.region_id = l.region_id
        on r.region_id = l.region_id

Results:

 location_id | location_name | region_id | region_id | region_name
-------------+---------------+-----------+-----------+-------------
           6 |     Guangzhou |         2 |         2 |        EMEA
           5 |     Cape Town |         2 |         2 |        EMEA
           4 |     Barcelona |         2 |         2 |        EMEA
           2 |       Toronto |         1 |         1 |          NA
           1 | San Francisco |         1 |         1 |          NA
           3 |      New York |         1 |         1 |          NA
(6 rows)
`
