`
Query:

SELECT *
FROM film_category fc
JOIN (SELECT category_id, name FROM category c) cat(id, name) ON cat.id = fc.category_id
ORDER BY fc.film_id
LIMIT 50;

Plan:

                                    query plan
-----------------------------------------------------------------------------------
 select (fc.film_id, fc.category_id, fc.last_update, cat.id, cat.name)
    limit 50
        join using nested loop
            alias as fc
                btree index scan of film_category via film_category_pkey
        with
            select (category_id as id, name)
                alias as cat
                    select (category_id, name)
                        alias as c
                            btree index scan of category via category_pkey
                                index cond: category.category_id = fc.category_id
        on cat.id = fc.category_id
(1 rows)

Results:

 film_id | category_id |           last_update           | id |    name
---------+-------------+---------------------------------+----+-------------
       1 |           6 | 2022-02-15 10:07:09 +0000 +0000 |  6 | Documentary
       2 |          11 | 2022-02-15 10:07:09 +0000 +0000 | 11 | Horror
       3 |           6 | 2022-02-15 10:07:09 +0000 +0000 |  6 | Documentary
       4 |          11 | 2022-02-15 10:07:09 +0000 +0000 | 11 | Horror
       5 |           8 | 2022-02-15 10:07:09 +0000 +0000 |  8 | Family
       6 |           9 | 2022-02-15 10:07:09 +0000 +0000 |  9 | Foreign
       7 |           5 | 2022-02-15 10:07:09 +0000 +0000 |  5 | Comedy
       8 |          11 | 2022-02-15 10:07:09 +0000 +0000 | 11 | Horror
       9 |          11 | 2022-02-15 10:07:09 +0000 +0000 | 11 | Horror
      10 |          15 | 2022-02-15 10:07:09 +0000 +0000 | 15 | Sports
      11 |           9 | 2022-02-15 10:07:09 +0000 +0000 |  9 | Foreign
      12 |          12 | 2022-02-15 10:07:09 +0000 +0000 | 12 | Music
      13 |          11 | 2022-02-15 10:07:09 +0000 +0000 | 11 | Horror
      14 |           4 | 2022-02-15 10:07:09 +0000 +0000 |  4 | Classics
      15 |           9 | 2022-02-15 10:07:09 +0000 +0000 |  9 | Foreign
      16 |           9 | 2022-02-15 10:07:09 +0000 +0000 |  9 | Foreign
      17 |          12 | 2022-02-15 10:07:09 +0000 +0000 | 12 | Music
      18 |           2 | 2022-02-15 10:07:09 +0000 +0000 |  2 | Animation
      19 |           1 | 2022-02-15 10:07:09 +0000 +0000 |  1 | Action
      20 |          12 | 2022-02-15 10:07:09 +0000 +0000 | 12 | Music
      21 |           1 | 2022-02-15 10:07:09 +0000 +0000 |  1 | Action
      22 |          13 | 2022-02-15 10:07:09 +0000 +0000 | 13 | New
      23 |           2 | 2022-02-15 10:07:09 +0000 +0000 |  2 | Animation
      24 |          11 | 2022-02-15 10:07:09 +0000 +0000 | 11 | Horror
      25 |          13 | 2022-02-15 10:07:09 +0000 +0000 | 13 | New
      26 |          14 | 2022-02-15 10:07:09 +0000 +0000 | 14 | Sci-Fi
      27 |          15 | 2022-02-15 10:07:09 +0000 +0000 | 15 | Sports
      28 |           5 | 2022-02-15 10:07:09 +0000 +0000 |  5 | Comedy
      29 |           1 | 2022-02-15 10:07:09 +0000 +0000 |  1 | Action
      30 |          11 | 2022-02-15 10:07:09 +0000 +0000 | 11 | Horror
      31 |           8 | 2022-02-15 10:07:09 +0000 +0000 |  8 | Family
      32 |          13 | 2022-02-15 10:07:09 +0000 +0000 | 13 | New
      33 |           7 | 2022-02-15 10:07:09 +0000 +0000 |  7 | Drama
      34 |          11 | 2022-02-15 10:07:09 +0000 +0000 | 11 | Horror
      35 |          11 | 2022-02-15 10:07:09 +0000 +0000 | 11 | Horror
      36 |           2 | 2022-02-15 10:07:09 +0000 +0000 |  2 | Animation
      37 |           4 | 2022-02-15 10:07:09 +0000 +0000 |  4 | Classics
      38 |           1 | 2022-02-15 10:07:09 +0000 +0000 |  1 | Action
      39 |          14 | 2022-02-15 10:07:09 +0000 +0000 | 14 | Sci-Fi
      40 |           6 | 2022-02-15 10:07:09 +0000 +0000 |  6 | Documentary
      41 |          16 | 2022-02-15 10:07:09 +0000 +0000 | 16 | Travel
      42 |          15 | 2022-02-15 10:07:09 +0000 +0000 | 15 | Sports
      43 |           8 | 2022-02-15 10:07:09 +0000 +0000 |  8 | Family
      44 |          14 | 2022-02-15 10:07:09 +0000 +0000 | 14 | Sci-Fi
      45 |          13 | 2022-02-15 10:07:09 +0000 +0000 | 13 | New
      46 |          10 | 2022-02-15 10:07:09 +0000 +0000 | 10 | Games
      47 |           9 | 2022-02-15 10:07:09 +0000 +0000 |  9 | Foreign
      48 |           3 | 2022-02-15 10:07:09 +0000 +0000 |  3 | Children
      49 |          14 | 2022-02-15 10:07:09 +0000 +0000 | 14 | Sci-Fi
      50 |           8 | 2022-02-15 10:07:09 +0000 +0000 |  8 | Family
(50 rows)
`
