`
Query:

SELECT *
FROM (
SELECT *
FROM employees e
WHERE department_id = 1
EXCEPT (
	SELECT *
	FROM employees
	WHERE manager_id != 1
)
) s
WHERE employee_id < 5
ORDER by employee_id

Plan:

select (employee_id, first_name, last_name, email, manager_id, department_id)
    order by employee_id
        alias as s
            select (employee_id, first_name, last_name, email, manager_id, department_id)
                combination
                    select (employee_id, first_name, last_name, email, manager_id, department_id)
                        alias as e
                            table scan of employees
                                filter: department_id = 1 and employees.employee_id < 5
                with
                    select (employee_id, first_name, last_name, email, manager_id, department_id)
                        table scan of employees
                            filter: not manager_id = 1

Results:

 employee_id | first_name | last_name |           email           | manager_id | department_id
-------------+------------+-----------+---------------------------+------------+---------------
           1 |   Annalisa |      Head | annalisa.head@company.com |          1 |             1
           4 |      Maria |    Warren |  maria.warren@company.com |          1 |             1
(2 rows)
`
