`
Query:

SELECT *
FROM employees
WHERE department_id = 1
UNION ALL (
SELECT *
FROM employees
WHERE manager_id = 1
)

Plan:

                                          query plan
----------------------------------------------------------------------------------------------
 select (employee_id, first_name, last_name, email, manager_id, department_id, bonus)
    union
        select (employee_id, first_name, last_name, email, manager_id, department_id, bonus)
            table scan of employees
                filter: department_id = 1
    with
        select (employee_id, first_name, last_name, email, manager_id, department_id, bonus)
            table scan of employees
                filter: manager_id = 1

(1 rows)

Results:

 employee_id | first_name | last_name |            email            | manager_id | department_id | bonus
-------------+------------+-----------+-----------------------------+------------+---------------+-------
           1 |   Annalisa |      Head |   annalisa.head@company.com |          1 |             1 | 20000
           4 |      Maria |    Warren |    maria.warren@company.com |          1 |             1 | <nil>
           5 |     Robert |    Medina |   robert.medina@company.com |          1 |             1 | <nil>
           7 |      Linda |    Dollar |    linda.dollar@company.com |          1 |             1 | <nil>
          11 |    Deborah |   Glasser | deborah.glasser@company.com |          9 |             1 | <nil>
           1 |   Annalisa |      Head |   annalisa.head@company.com |          1 |             1 | 20000
           3 |     Manuel |  Pattison | manuel.pattison@company.com |          1 |             3 | 10000
           4 |      Maria |    Warren |    maria.warren@company.com |          1 |             1 | <nil>
           5 |     Robert |    Medina |   robert.medina@company.com |          1 |             1 | <nil>
           7 |      Linda |    Dollar |    linda.dollar@company.com |          1 |             1 | <nil>
           9 |      Jimmy |  Barnette |  jimmy.barnette@company.com |          1 |             3 |  3000
(11 rows)
`
