`
Query:

SELECT
        first_name,
        last_name
    FROM actor
    WHERE actor_id <= 15
EXCEPT
    SELECT
        first_name,
        last_name
    FROM actor
    WHERE actor_id >= 10
ORDER BY
    first_name,
    last_name;

Plan:

                      query plan
------------------------------------------------------
 order by actor.first_name, actor.last_name
    combination
        select {first_name, last_name}
            btree index scan of actor via actor_pkey
                index cond: actor.actor_id <= 15
    with
        select {first_name, last_name}
            btree index scan of actor via actor_pkey
                index cond: actor.actor_id >= 10
(1 rows)

Results:

 first_name |  last_name
------------+--------------
 BETTE      | NICHOLSON
 ED         | CHASE
 GRACE      | MOSTEL
 JENNIFER   | DAVIS
 JOE        | SWANK
 JOHNNY     | LOLLOBRIGIDA
 MATTHEW    | JOHANSSON
 NICK       | WAHLBERG
 PENELOPE   | GUINESS
(9 rows)
`
