`
Query:

SELECT
        first_name,
        last_name
    FROM actor
    WHERE actor_id <= 10
EXCEPT
        SELECT
            first_name,
            last_name
        FROM actor
        WHERE
            actor_id >= 8 AND
            actor_id <= 12
    UNION
        SELECT
            first_name,
            last_name
        FROM actor
        WHERE actor_id >= 190
ORDER BY
    first_name,
    last_name;

Plan:

                                  query plan
------------------------------------------------------------------------------
 order by actor.first_name, actor.last_name
    except
        project {first_name, last_name}
            btree index scan of actor via actor_pkey
                index cond: actor.actor_id <= 10
    with
        union
            project {first_name, last_name}
                btree index scan of actor via actor_pkey
                    index cond: actor.actor_id >= 8 and actor.actor_id <= 12
        with
            project {first_name, last_name}
                btree index scan of actor via actor_pkey
                    index cond: actor.actor_id >= 190
(1 rows)

Results:

 first_name |  last_name
------------+--------------
 BETTE      | NICHOLSON
 ED         | CHASE
 GRACE      | MOSTEL
 JENNIFER   | DAVIS
 JOHNNY     | LOLLOBRIGIDA
 NICK       | WAHLBERG
 PENELOPE   | GUINESS
(7 rows)
`
